sending incremental file list
created directory /users/yhb18174/i_drive/Science/Chemistry/RDMS/David Palmer group/Huw Williams/Recreating_DMTA_backup_2025-04-01_12-57-28
Recreating_DMTA/
Recreating_DMTA/.gitignore
Recreating_DMTA/.gitmodules
Recreating_DMTA/.git/
Recreating_DMTA/.git/COMMIT_EDITMSG
Recreating_DMTA/.git/HEAD
Recreating_DMTA/.git/config
Recreating_DMTA/.git/description
Recreating_DMTA/.git/index
Recreating_DMTA/.git/hooks/
Recreating_DMTA/.git/hooks/applypatch-msg.sample
Recreating_DMTA/.git/hooks/commit-msg.sample
Recreating_DMTA/.git/hooks/fsmonitor-watchman.sample
Recreating_DMTA/.git/hooks/post-update.sample
Recreating_DMTA/.git/hooks/pre-applypatch.sample
Recreating_DMTA/.git/hooks/pre-commit.sample
Recreating_DMTA/.git/hooks/pre-merge-commit.sample
Recreating_DMTA/.git/hooks/pre-push.sample
Recreating_DMTA/.git/hooks/pre-rebase.sample
Recreating_DMTA/.git/hooks/pre-receive.sample
Recreating_DMTA/.git/hooks/prepare-commit-msg.sample
Recreating_DMTA/.git/hooks/push-to-checkout.sample
Recreating_DMTA/.git/hooks/update.sample
Recreating_DMTA/.git/info/
Recreating_DMTA/.git/info/exclude
Recreating_DMTA/.git/logs/
Recreating_DMTA/.git/logs/HEAD
Recreating_DMTA/.git/logs/refs/
Recreating_DMTA/.git/logs/refs/heads/
Recreating_DMTA/.git/logs/refs/heads/main
Recreating_DMTA/.git/logs/refs/heads/stage
Recreating_DMTA/.git/logs/refs/remotes/
Recreating_DMTA/.git/logs/refs/remotes/origin/
Recreating_DMTA/.git/logs/refs/remotes/origin/main
Recreating_DMTA/.git/logs/refs/remotes/origin/stage
Recreating_DMTA/.git/objects/
Recreating_DMTA/.git/objects/00/
Recreating_DMTA/.git/objects/00/28e034ef5bb6182125f09562e53e085838934b
Recreating_DMTA/.git/objects/00/3fa3d833585f26ad6d3a44ebd28c4256347a5b
Recreating_DMTA/.git/objects/00/68a885126232474de011f3bbc127947c80496c
Recreating_DMTA/.git/objects/00/74148308f36f10d67993a3802465053b9c323c
Recreating_DMTA/.git/objects/00/fcf465ae4e8a944889d4f491b112528afcb29d
Recreating_DMTA/.git/objects/01/
Recreating_DMTA/.git/objects/01/216b3e47baa1a2923456874d6367e74f5b2921
Recreating_DMTA/.git/objects/01/334c3615416b82307a559a81832c28e274a319
Recreating_DMTA/.git/objects/01/680a01fce28f8176ec6fe786f9481d18021857
Recreating_DMTA/.git/objects/01/7a80ca095459a7ae9d1778ece3b9ca50cc604b
Recreating_DMTA/.git/objects/01/9dfcc1e0ee5ee6da78d98b1e1c52dfb89a2091
Recreating_DMTA/.git/objects/01/a7b97229c9fe3c991a4a4973e6650857222509
Recreating_DMTA/.git/objects/01/d5ebcb56b8c1de2172680c83f7118ed77093af
Recreating_DMTA/.git/objects/02/
Recreating_DMTA/.git/objects/02/080278d63a278f9f312118f322a3c25e54065d
Recreating_DMTA/.git/objects/02/89ed3070a75c9e070c12321481a2c487196f75
Recreating_DMTA/.git/objects/02/fd39aaf66001621501a927b880a94dad5e5f3d
Recreating_DMTA/.git/objects/03/
Recreating_DMTA/.git/objects/03/38535179e4b8085777d2c6530257cb4cbff49c
Recreating_DMTA/.git/objects/03/e70e427a54dd3d938694a9e18594ecbff332ff
Recreating_DMTA/.git/objects/04/
Recreating_DMTA/.git/objects/04/aef09ce1b040bbde9acbae97f777a4f3c6dcdc
Recreating_DMTA/.git/objects/05/
Recreating_DMTA/.git/objects/05/b699287761c8bde16c46306aaf679f842b19e1
Recreating_DMTA/.git/objects/06/
Recreating_DMTA/.git/objects/06/edebc6657b31184ad6577823186c027f57fa73
Recreating_DMTA/.git/objects/07/
Recreating_DMTA/.git/objects/07/3351afcc3e15fa197d1406b23e80ee1db977ef
Recreating_DMTA/.git/objects/07/50e1924407db11e5a773481d76467678a949cf
Recreating_DMTA/.git/objects/07/a1e116fb132eb0400e3053b5ebf673592ff0d4
Recreating_DMTA/.git/objects/08/
Recreating_DMTA/.git/objects/08/38749eddd948baa53683cdb4598a2342fd9088
Recreating_DMTA/.git/objects/08/5f24ea832e4eb5894bbe557a21e1a538ae7cb3
Recreating_DMTA/.git/objects/08/74fa93868672e7ee6b754902457c4da7fc6e07
Recreating_DMTA/.git/objects/08/823eba2215b44fab05b482801394ab3f966e24
Recreating_DMTA/.git/objects/08/884bce4cc79665d38a614cc1e9ae007b3f2e37
Recreating_DMTA/.git/objects/09/
Recreating_DMTA/.git/objects/09/0b75e15b09a3f637e638e2bd77d589ce0c09fe
Recreating_DMTA/.git/objects/09/301e4a57244fad6b189ccaa6e4ea48cb923bb2
Recreating_DMTA/.git/objects/09/6824515b3eefd1a22996db60be4ab29d6be7fb
Recreating_DMTA/.git/objects/09/77ad69016b650c58c21ba0c65df33080a504eb
Recreating_DMTA/.git/objects/09/8b79c83cde5ea54c4047b90c8ea093ea3b2be7
Recreating_DMTA/.git/objects/09/bb659aa13b21534dfc56476c0d1e18e7bf7ffd
Recreating_DMTA/.git/objects/09/bde9c43ba056775b011d7deec08184e8964b52
Recreating_DMTA/.git/objects/09/e69fbc1f6b99a97c1d9b118a565e5800f96cdf
Recreating_DMTA/.git/objects/0a/
Recreating_DMTA/.git/objects/0a/1d0bd4304a0190f5394621ba5a075f3201ff3b
Recreating_DMTA/.git/objects/0a/20692ba573ebb9aebc53b12fd620895593df7c
Recreating_DMTA/.git/objects/0a/607e7e1cd53f0dd58bfefbb32ae404d8021981
Recreating_DMTA/.git/objects/0a/68cb2c9a918167427ceedd7ff198ab17405fbf
Recreating_DMTA/.git/objects/0a/7933ba5798fedace31b20ae82e22f4608b85a9
Recreating_DMTA/.git/objects/0a/b000424a5cd7642444d586bf92fff4fd033a38
Recreating_DMTA/.git/objects/0b/
Recreating_DMTA/.git/objects/0b/b762c80979bf2afc019ee541d280e4733baec6
Recreating_DMTA/.git/objects/0c/
Recreating_DMTA/.git/objects/0c/09f104dd2c231443b90b4ecd3676b281778034
Recreating_DMTA/.git/objects/0c/3251baa83d555fd6e5b7729ba27cd8fca9fb8b
Recreating_DMTA/.git/objects/0c/5c5dea092271a617251cc2d006ff936e3fe089
Recreating_DMTA/.git/objects/0c/807c5cd02d6dc984cc663fca750e271f1ed90e
Recreating_DMTA/.git/objects/0c/c2f2e2ef4ee5104591ba1f21b8baaf48f98480
Recreating_DMTA/.git/objects/0d/
Recreating_DMTA/.git/objects/0d/ad41c27de4705891f92feb0933265cc95af14c
Recreating_DMTA/.git/objects/0e/
Recreating_DMTA/.git/objects/0e/03ddd9f5c545f3f194ac3aa1bbbe4966cf275e
Recreating_DMTA/.git/objects/0e/303ad4da74f0e9dccea2c513ceb1648c0664d3
Recreating_DMTA/.git/objects/0e/c1a4e631729a549e8d2e79cd245fc8e56c28ff
Recreating_DMTA/.git/objects/0f/
Recreating_DMTA/.git/objects/0f/274c7fd37e647f33b4e7070baa43be8ff5ee41
Recreating_DMTA/.git/objects/0f/cc1f1471171d8719117779aeb6cb6bd8c29f58
Recreating_DMTA/.git/objects/0f/fa1f1510b67333d3b720ff54bb47fbdbad522f
Recreating_DMTA/.git/objects/10/
Recreating_DMTA/.git/objects/10/112c6ed2ac284ca751f2bc3fe5092005a91342
Recreating_DMTA/.git/objects/11/
Recreating_DMTA/.git/objects/11/7dd30e2470513b722115e8df65c8922570e22d
Recreating_DMTA/.git/objects/11/d9662d1f5ddb0b0d5061cbb2e4813d1ffca9d3
Recreating_DMTA/.git/objects/12/
Recreating_DMTA/.git/objects/12/2b6361d17616df229d27547df88354cda7d6f1
Recreating_DMTA/.git/objects/12/2b9973cc48ac99fd56de13fdd135abc41a33c8
Recreating_DMTA/.git/objects/12/bc068ee1994f8c38d58aa1505f3b8a1361d27d
Recreating_DMTA/.git/objects/12/c868063d6973e532c7ce83bb6fc460a696f8b4
Recreating_DMTA/.git/objects/13/
Recreating_DMTA/.git/objects/13/42d4a24108282a825317ac7bf9d9e6699fe5fb
Recreating_DMTA/.git/objects/13/602b129ad7143d58e05eec1d642474964f7b7a
Recreating_DMTA/.git/objects/13/8de2432d130e166f71e26eab71e1e21d656793
Recreating_DMTA/.git/objects/13/ad70ba6739c7dd44ca2655be83a1ffbacc42a2
Recreating_DMTA/.git/objects/13/bb537755657d88287c41aac1902d1707c7dd1e
Recreating_DMTA/.git/objects/13/df3913fa1bdcea5172fafadfc4f4c03dddfaf5
Recreating_DMTA/.git/objects/14/
Recreating_DMTA/.git/objects/14/d621425bdb0013b9bcad2557f821d4437407fd
Recreating_DMTA/.git/objects/15/
Recreating_DMTA/.git/objects/15/788b03bf774a95f34c00a620cdeccd30897c2b
Recreating_DMTA/.git/objects/15/7d5d42a2d33ace6fe742a05290607e498ad5f0
Recreating_DMTA/.git/objects/15/c1d616beef1e35285685d631fb3d5dcc419875
Recreating_DMTA/.git/objects/16/
Recreating_DMTA/.git/objects/16/4adae23267d2e949542dd2b0c6e9d1864635e2
Recreating_DMTA/.git/objects/16/686c35be7deec99be77a1f28590368f58b7cca
Recreating_DMTA/.git/objects/16/7cde0fb76d0b3e1ec77c4a575f645d3a912963
Recreating_DMTA/.git/objects/16/8c2991767e0768d11c453d9913893a2a974417
Recreating_DMTA/.git/objects/16/d51ca2d6c71bffffea5296cab3a8bf74f699b5
Recreating_DMTA/.git/objects/16/f52bdc63edd80fa6c53aa1d9f1a31f67d6bf0c
Recreating_DMTA/.git/objects/17/
Recreating_DMTA/.git/objects/17/43d75fa5d3866818a2b96614fdcf425775001c
Recreating_DMTA/.git/objects/17/6b6a19511c77772e79e1560c26b8964573dfe5
Recreating_DMTA/.git/objects/18/
Recreating_DMTA/.git/objects/18/35dbb7d189b39e1e11666e2a1eb793bf16b90e
Recreating_DMTA/.git/objects/18/b3acba61a74a8d470087c50fa371bd64317649
Recreating_DMTA/.git/objects/18/dbb413850e48ac3fbb1216854366baa46c58fd
Recreating_DMTA/.git/objects/19/
Recreating_DMTA/.git/objects/19/493a6592b66fcec934cbddb760c526c1c9ca55
Recreating_DMTA/.git/objects/19/919453b7627a244698f8c54a3b060e700c8d38
Recreating_DMTA/.git/objects/1a/
Recreating_DMTA/.git/objects/1a/272a18d0157d2004b42aa68a5abfdd6de3aeff
Recreating_DMTA/.git/objects/1a/8a36de280ce1b137e279e937ac1d66e3b5ae60
Recreating_DMTA/.git/objects/1a/a183e68aa2a87bbe55b2f944b95774298bd1b9
Recreating_DMTA/.git/objects/1a/cde675bfd388720533a1ca8dd69ebc2155b9d8
Recreating_DMTA/.git/objects/1b/
Recreating_DMTA/.git/objects/1b/62900f86d036bf3b2ba1e693c6eeeb2d3a9c96
Recreating_DMTA/.git/objects/1b/7742faf13369cb9dbb11be1a1588d2399b4b91
Recreating_DMTA/.git/objects/1c/
Recreating_DMTA/.git/objects/1c/2acabf15820852954796f959a9ac98fd68fd84
Recreating_DMTA/.git/objects/1c/9f3a52011ae9b64a056a3f4bf8517cadde41ef
Recreating_DMTA/.git/objects/1d/
Recreating_DMTA/.git/objects/1d/fc7378f88290d5657488d12b89373ba1979715
Recreating_DMTA/.git/objects/1e/
Recreating_DMTA/.git/objects/1e/007d6f5794d5aa4f71afc82f49660d0ea2f028
Recreating_DMTA/.git/objects/1e/009cd2005e08a19627e144db2f7c5ae0bfa5d8
Recreating_DMTA/.git/objects/1e/0ada09f75528f0793ea7466817fa5f14805c58
Recreating_DMTA/.git/objects/1e/c7c95b70d571bfbbb82fbbc7fc0ad3b5595034
Recreating_DMTA/.git/objects/1f/
Recreating_DMTA/.git/objects/1f/71cc19ba11f65af22520d7986664bf0c7eb6f4
Recreating_DMTA/.git/objects/1f/9ede39ddfb50e7b29c620c958c00a057ed6acf
Recreating_DMTA/.git/objects/1f/db3d279b4fde9d3ab57cb896af5a4b97f50ea5
Recreating_DMTA/.git/objects/1f/e6b2512a530b3aec4f8c40ac172aac1c370083
Recreating_DMTA/.git/objects/20/
Recreating_DMTA/.git/objects/20/3575821c69158e2fd98d809fc2689508c1b1df
Recreating_DMTA/.git/objects/21/
Recreating_DMTA/.git/objects/21/11295679c472a7665555f8632ca5750553927e
Recreating_DMTA/.git/objects/21/c0ae7b79509fa183a77af643575734b4ac380b
Recreating_DMTA/.git/objects/21/e5afc93118ab3a0ff6fc8db003bd7e1ab3d36e
Recreating_DMTA/.git/objects/22/
Recreating_DMTA/.git/objects/22/7bc390c43fd98440b22b922b45e58ae174c77f
Recreating_DMTA/.git/objects/22/894fdd3d63591905182f163a23db14f7dce555
Recreating_DMTA/.git/objects/22/a30dc068a76a45cbeacb9ae6cbd66bff621d6d
Recreating_DMTA/.git/objects/22/cd61af8fbccb7e3d1245bfb6397801a9a92ec8
Recreating_DMTA/.git/objects/23/
Recreating_DMTA/.git/objects/23/3286c25c45b0252ba6c163747663867aae0084
Recreating_DMTA/.git/objects/23/452f147b09d1cab63a3986c229876efeda4d64
Recreating_DMTA/.git/objects/23/bdab7806cc0c39d60fec25d309566ec6adefb3
Recreating_DMTA/.git/objects/24/
Recreating_DMTA/.git/objects/24/afd5553e21f9d44761cb8760294ca1fb9ad8d0
Recreating_DMTA/.git/objects/25/
Recreating_DMTA/.git/objects/25/0fa6d01050846b2f43c116103247dac29fcf71
Recreating_DMTA/.git/objects/25/26a8507a7d84f846971a726ef229e8e5ab96bb
Recreating_DMTA/.git/objects/25/6a3d62fdc2d341fa0f313c6d1453850cada619
Recreating_DMTA/.git/objects/26/
Recreating_DMTA/.git/objects/26/880cd239f23a19e00c835c9c24ce810c6d6382
Recreating_DMTA/.git/objects/27/
Recreating_DMTA/.git/objects/27/33d4a2f0cb046761b870196142b5ef2d819141
Recreating_DMTA/.git/objects/27/3e4a2820c429f86ac5455d96c6881e78171277
Recreating_DMTA/.git/objects/27/66817f64178ad030d86ef0975924eb8b4a4ece
Recreating_DMTA/.git/objects/27/96633e2cda519f058d0c71b60d32c32408046d
Recreating_DMTA/.git/objects/27/9c40d6eb8ff07fb0e38c661350adca7fca9738
Recreating_DMTA/.git/objects/28/
Recreating_DMTA/.git/objects/28/5aaf657294f588dacaf834a1d0e9626c8def2f
Recreating_DMTA/.git/objects/28/f89a2fc701d76958df9dac915bd35f999f8171
Recreating_DMTA/.git/objects/28/fc739486458322f30e92c09257a04356b35343
Recreating_DMTA/.git/objects/29/
Recreating_DMTA/.git/objects/29/a4dea03fd7e3060226e5722e5f5038a69c4588
Recreating_DMTA/.git/objects/29/f8a252b44f49319f17a7bc3f61d34429d8c43a
Recreating_DMTA/.git/objects/2a/
Recreating_DMTA/.git/objects/2a/7cab1e26a130ca9640df76b127ed066b7d79a6
Recreating_DMTA/.git/objects/2a/9e1fb0b5ce6dd8d7f22747cba8eb7f9a27af93
Recreating_DMTA/.git/objects/2a/de7cb1e749247d79a39689d963c187aaca9d82
Recreating_DMTA/.git/objects/2b/
Recreating_DMTA/.git/objects/2b/3e5d3ffd67d213269d4f6f80d3df4abf4e4d77
Recreating_DMTA/.git/objects/2b/6e0dc05a15756e5a2ed69d5f6e58224d56610d
Recreating_DMTA/.git/objects/2b/b2467eb8b3b3c8884c92c785d505f6186bf50d
Recreating_DMTA/.git/objects/2b/da528c41b7601351345fcc658caaf42b94b83d
Recreating_DMTA/.git/objects/2c/
Recreating_DMTA/.git/objects/2c/de71cdbd68cbcfa31d27929c9dce45e7f97bc1
Recreating_DMTA/.git/objects/2c/e9250940c63ce5235c257913700100771c1f97
