sending incremental file list
Recreating_DMTA/
Recreating_DMTA/.gitignore
Recreating_DMTA/.git/
Recreating_DMTA/.git/COMMIT_EDITMSG
Recreating_DMTA/.git/config
Recreating_DMTA/.git/index
Recreating_DMTA/.git/hooks/
Recreating_DMTA/.git/hooks/pre-push.sample
Recreating_DMTA/.git/hooks/pre-rebase.sample
Recreating_DMTA/.git/hooks/prepare-commit-msg.sample
Recreating_DMTA/.git/hooks/push-to-checkout.sample
Recreating_DMTA/.git/hooks/update.sample
Recreating_DMTA/.git/info/
Recreating_DMTA/.git/logs/
Recreating_DMTA/.git/logs/HEAD
Recreating_DMTA/.git/logs/refs/
Recreating_DMTA/.git/logs/refs/heads/
Recreating_DMTA/.git/logs/refs/heads/main
Recreating_DMTA/.git/logs/refs/heads/stage
Recreating_DMTA/.git/logs/refs/remotes/
Recreating_DMTA/.git/logs/refs/remotes/origin/
Recreating_DMTA/.git/logs/refs/remotes/origin/main
Recreating_DMTA/.git/logs/refs/remotes/origin/stage
Recreating_DMTA/.git/objects/
Recreating_DMTA/.git/objects/00/
Recreating_DMTA/.git/objects/00/74148308f36f10d67993a3802465053b9c323c
Recreating_DMTA/.git/objects/01/
Recreating_DMTA/.git/objects/01/216b3e47baa1a2923456874d6367e74f5b2921
Recreating_DMTA/.git/objects/01/a7b97229c9fe3c991a4a4973e6650857222509
Recreating_DMTA/.git/objects/02/
Recreating_DMTA/.git/objects/02/89ed3070a75c9e070c12321481a2c487196f75
Recreating_DMTA/.git/objects/03/
Recreating_DMTA/.git/objects/04/
Recreating_DMTA/.git/objects/04/aef09ce1b040bbde9acbae97f777a4f3c6dcdc
Recreating_DMTA/.git/objects/05/
Recreating_DMTA/.git/objects/05/b699287761c8bde16c46306aaf679f842b19e1
Recreating_DMTA/.git/objects/06/
Recreating_DMTA/.git/objects/07/
Recreating_DMTA/.git/objects/07/a1e116fb132eb0400e3053b5ebf673592ff0d4
Recreating_DMTA/.git/objects/08/
Recreating_DMTA/.git/objects/09/
Recreating_DMTA/.git/objects/09/8b79c83cde5ea54c4047b90c8ea093ea3b2be7
Recreating_DMTA/.git/objects/09/bb659aa13b21534dfc56476c0d1e18e7bf7ffd
Recreating_DMTA/.git/objects/0a/
Recreating_DMTA/.git/objects/0a/1d0bd4304a0190f5394621ba5a075f3201ff3b
Recreating_DMTA/.git/objects/0a/20692ba573ebb9aebc53b12fd620895593df7c
Recreating_DMTA/.git/objects/0a/7933ba5798fedace31b20ae82e22f4608b85a9
Recreating_DMTA/.git/objects/0b/
Recreating_DMTA/.git/objects/0c/
Recreating_DMTA/.git/objects/0c/09f104dd2c231443b90b4ecd3676b281778034
Recreating_DMTA/.git/objects/0c/5c5dea092271a617251cc2d006ff936e3fe089
Recreating_DMTA/.git/objects/0d/
Recreating_DMTA/.git/objects/0e/
Recreating_DMTA/.git/objects/0f/
Recreating_DMTA/.git/objects/0f/fa1f1510b67333d3b720ff54bb47fbdbad522f
Recreating_DMTA/.git/objects/10/
Recreating_DMTA/.git/objects/10/112c6ed2ac284ca751f2bc3fe5092005a91342
Recreating_DMTA/.git/objects/11/
Recreating_DMTA/.git/objects/12/
Recreating_DMTA/.git/objects/12/bc068ee1994f8c38d58aa1505f3b8a1361d27d
Recreating_DMTA/.git/objects/13/
Recreating_DMTA/.git/objects/13/42d4a24108282a825317ac7bf9d9e6699fe5fb
Recreating_DMTA/.git/objects/14/
Recreating_DMTA/.git/objects/15/
Recreating_DMTA/.git/objects/15/788b03bf774a95f34c00a620cdeccd30897c2b
Recreating_DMTA/.git/objects/16/
Recreating_DMTA/.git/objects/17/
Recreating_DMTA/.git/objects/17/6b6a19511c77772e79e1560c26b8964573dfe5
Recreating_DMTA/.git/objects/18/
Recreating_DMTA/.git/objects/18/35dbb7d189b39e1e11666e2a1eb793bf16b90e
Recreating_DMTA/.git/objects/19/
Recreating_DMTA/.git/objects/1a/
Recreating_DMTA/.git/objects/1a/272a18d0157d2004b42aa68a5abfdd6de3aeff
Recreating_DMTA/.git/objects/1a/8a36de280ce1b137e279e937ac1d66e3b5ae60
Recreating_DMTA/.git/objects/1a/a183e68aa2a87bbe55b2f944b95774298bd1b9
Recreating_DMTA/.git/objects/1b/
Recreating_DMTA/.git/objects/1b/62900f86d036bf3b2ba1e693c6eeeb2d3a9c96
Recreating_DMTA/.git/objects/1c/
Recreating_DMTA/.git/objects/1d/
Recreating_DMTA/.git/objects/1e/
Recreating_DMTA/.git/objects/1e/009cd2005e08a19627e144db2f7c5ae0bfa5d8
Recreating_DMTA/.git/objects/1e/0ada09f75528f0793ea7466817fa5f14805c58
Recreating_DMTA/.git/objects/1f/
Recreating_DMTA/.git/objects/1f/9ede39ddfb50e7b29c620c958c00a057ed6acf
Recreating_DMTA/.git/objects/1f/db3d279b4fde9d3ab57cb896af5a4b97f50ea5
Recreating_DMTA/.git/objects/20/
Recreating_DMTA/.git/objects/21/
Recreating_DMTA/.git/objects/22/
Recreating_DMTA/.git/objects/22/894fdd3d63591905182f163a23db14f7dce555
Recreating_DMTA/.git/objects/22/a30dc068a76a45cbeacb9ae6cbd66bff621d6d
Recreating_DMTA/.git/objects/22/cd61af8fbccb7e3d1245bfb6397801a9a92ec8
Recreating_DMTA/.git/objects/23/
Recreating_DMTA/.git/objects/24/
Recreating_DMTA/.git/objects/25/
Recreating_DMTA/.git/objects/25/0fa6d01050846b2f43c116103247dac29fcf71
Recreating_DMTA/.git/objects/25/26a8507a7d84f846971a726ef229e8e5ab96bb
Recreating_DMTA/.git/objects/25/6a3d62fdc2d341fa0f313c6d1453850cada619
Recreating_DMTA/.git/objects/26/
Recreating_DMTA/.git/objects/27/
Recreating_DMTA/.git/objects/27/66817f64178ad030d86ef0975924eb8b4a4ece
Recreating_DMTA/.git/objects/28/
Recreating_DMTA/.git/objects/29/
Recreating_DMTA/.git/objects/2a/
Recreating_DMTA/.git/objects/2a/9e1fb0b5ce6dd8d7f22747cba8eb7f9a27af93
Recreating_DMTA/.git/objects/2a/de7cb1e749247d79a39689d963c187aaca9d82
Recreating_DMTA/.git/objects/2b/
Recreating_DMTA/.git/objects/2c/
Recreating_DMTA/.git/objects/2d/
Recreating_DMTA/.git/objects/2d/655b69eeb6ae54a9d773297a4e1f68a6276bbe
Recreating_DMTA/.git/objects/2d/9fb8edce3374ad64be0dbf5b17944058a53875
Recreating_DMTA/.git/objects/2d/b5203505577181feaaf95d19b8718a9c3af028
Recreating_DMTA/.git/objects/2d/d245f6d9b6ecc2135f8fbc26f73fa6b67e3757
Recreating_DMTA/.git/objects/2e/
Recreating_DMTA/.git/objects/2f/
Recreating_DMTA/.git/objects/2f/548fa24fde83a65ccf9c81da2e156e80a8851a
Recreating_DMTA/.git/objects/2f/79ea739d6a0949ed44d1d83ae963485687f88b
Recreating_DMTA/.git/objects/2f/c3362f913c99cf386be5043fe24c060e779f08
Recreating_DMTA/.git/objects/30/
Recreating_DMTA/.git/objects/30/14dbdf2c0996973e784b650a05771678b4eca0
Recreating_DMTA/.git/objects/30/19830ff2ccf327e1b557a1d61693e89a5c514c
Recreating_DMTA/.git/objects/30/949683e34591c089eb69f7938b6d7329c9b767
Recreating_DMTA/.git/objects/31/
Recreating_DMTA/.git/objects/31/065dadb7219da89fabe4316410f54fe6115217
Recreating_DMTA/.git/objects/32/
Recreating_DMTA/.git/objects/32/b4ac0d30b9ae4e864f02c77932a58f7771c67a
Recreating_DMTA/.git/objects/33/
Recreating_DMTA/.git/objects/33/1bc4232aee7ffd269f7df95470a40016443876
Recreating_DMTA/.git/objects/34/
Recreating_DMTA/.git/objects/35/
Recreating_DMTA/.git/objects/36/
Recreating_DMTA/.git/objects/37/
Recreating_DMTA/.git/objects/37/746b735304d9dff4e6732d134bcb3e71efa397
Recreating_DMTA/.git/objects/38/
Recreating_DMTA/.git/objects/38/2be9ca29f474d341e92e3f11db0ebfebe0e34f
Recreating_DMTA/.git/objects/39/
Recreating_DMTA/.git/objects/39/9b1996e76486127c0280f5da5c706ee79153e6
Recreating_DMTA/.git/objects/39/c42e52801f4789093ffecbe3ae6a794bb67dde
Recreating_DMTA/.git/objects/39/ffea561c6c9186eef1fa9c69eaef6a88988acb
Recreating_DMTA/.git/objects/3a/
Recreating_DMTA/.git/objects/3a/c377dccbd56c22f498afcb0d43c17e62cbe0d4
